
*** crates/worktree/src/domain/entities/worktree.rs:29:9: replace AbsolutePath::parse -> Result<Self, AbsolutePathParseError> with Ok(Default::default())

*** mutation diff:
--- crates/worktree/src/domain/entities/worktree.rs
+++ replace AbsolutePath::parse -> Result<Self, AbsolutePathParseError> with Ok(Default::default())
@@ -21,21 +21,17 @@
 pub struct AbsolutePath(String);
 
 impl AbsolutePath {
     /// Parse a string into an AbsolutePath.
     ///
     /// # Errors
     /// Returns `AbsolutePathParseError` if the path is not absolute.
     pub fn parse(s: &str) -> Result<Self, AbsolutePathParseError> {
-        if s.starts_with('/') {
-            Ok(Self(s.to_string()))
-        } else {
-            Err(AbsolutePathParseError::NotAbsolute)
-        }
+        Ok(Default::default()) /* ~ changed by cargo-mutants ~ */
     }
 
     /// Create an AbsolutePath without validation.
     ///
     /// # Safety
     /// Caller must ensure the path is absolute.
     #[allow(dead_code)]
     pub(crate) fn unsafe_new(s: String) -> Self {


*** /home/lewis/.rustup/toolchains/stable-x86_64-unknown-linux-gnu/bin/cargo test --no-run --verbose --package=worktree@0.1.0
       Fresh unicode-ident v1.0.24
       Fresh find-msvc-tools v0.1.9
       Fresh shlex v1.3.0
       Fresh cfg-if v1.0.4
       Fresh pkg-config v0.3.32
       Fresh stable_deref_trait v1.2.1
       Fresh vcpkg v0.2.15
       Fresh smallvec v1.15.1
       Fresh version_check v0.9.5
       Fresh pin-project-lite v0.2.17
       Fresh writeable v0.6.2
       Fresh futures-core v0.3.32
       Fresh litemap v0.8.1
       Fresh scopeguard v1.2.0
       Fresh autocfg v1.5.0
       Fresh zeroize v1.8.2
       Fresh bytes v1.11.1
       Fresh percent-encoding v2.3.2
       Fresh futures-sink v0.3.32
       Fresh once_cell v1.21.3
       Fresh libc v0.2.183
       Fresh lock_api v0.4.14
       Fresh rustls-pki-types v1.14.0
       Fresh form_urlencoded v1.2.2
       Fresh equivalent v1.0.2
       Fresh memchr v2.8.0
       Fresh utf8_iter v1.0.4
       Fresh untrusted v0.9.0
       Fresh futures-task v0.3.32
       Fresh slab v0.4.12
       Fresh log v0.4.29
       Fresh allocator-api2 v0.2.21
       Fresh itoa v1.0.17
       Fresh futures-io v0.3.32
       Fresh foldhash v0.1.5
       Fresh proc-macro2 v1.0.106
       Fresh jobserver v0.1.34
       Fresh typenum v1.19.0
       Fresh serde_core v1.0.228
       Fresh icu_properties_data v2.1.2
       Fresh socket2 v0.6.3
       Fresh icu_normalizer_data v2.1.1
       Fresh parking_lot_core v0.9.12
       Fresh mio v1.1.1
       Fresh getrandom v0.2.17
       Fresh crossbeam-utils v0.8.21
       Fresh cpufeatures v0.2.17
       Fresh iana-time-zone v0.1.65
       Fresh webpki-roots v1.0.6
       Fresh futures-util v0.3.32
       Fresh hashbrown v0.15.5
       Fresh tracing-core v0.1.36
       Fresh parking v2.2.1
       Fresh subtle v2.6.1
       Fresh crc-catalog v2.4.0
       Fresh hashbrown v0.16.1
       Fresh errno v0.3.14
       Fresh base64 v0.22.1
       Fresh spin v0.9.8
       Fresh quote v1.0.45
       Fresh cc v1.2.56
       Fresh generic-array v0.14.7
       Fresh parking_lot v0.12.5
       Fresh num-traits v0.2.19
       Fresh zmij v1.0.21
       Fresh concurrent-queue v2.5.0
       Fresh hashlink v0.10.0
       Fresh indexmap v2.13.0
       Fresh crossbeam-queue v0.3.12
       Fresh crc v3.4.0
       Fresh webpki-roots v0.26.11
       Fresh signal-hook-registry v1.4.8
       Fresh ryu v1.0.23
       Fresh flume v0.11.1
       Fresh futures-executor v0.3.32
       Fresh futures-channel v0.3.32
       Fresh hex v0.4.3
       Fresh heck v0.5.0
       Fresh dotenvy v0.15.7
       Fresh bitflags v2.11.0
       Fresh predicates-core v1.0.10
       Fresh termtree v0.5.1
       Fresh anstyle v1.0.13
       Fresh syn v2.0.117
       Fresh block-buffer v0.10.4
       Fresh event-listener v5.4.1
       Fresh serde_json v1.0.149
       Fresh futures-intrusive v0.5.0
       Fresh atoi v2.0.0
       Fresh crypto-common v0.1.7
       Fresh getrandom v0.4.2
       Fresh linux-raw-sys v0.12.1
       Fresh openssl-probe v0.1.6
       Fresh predicates v3.1.4
       Fresh predicates-tree v1.0.13
       Fresh tap v1.0.1
       Fresh downcast v0.11.0
       Fresh fastrand v2.3.0
       Fresh fragile v2.0.1
       Fresh synstructure v0.13.2
       Fresh zerovec-derive v0.11.2
       Fresh displaydoc v0.2.5
       Fresh serde_derive v1.0.228
       Fresh tracing-attributes v0.1.31
       Fresh thiserror-impl v2.0.18
       Fresh tokio-macros v2.6.1
       Fresh digest v0.10.7
       Fresh uuid v1.22.0
       Fresh anyhow v1.0.102
       Fresh rustix v1.1.4
       Fresh mockall_derive v0.13.1
       Fresh zerofrom-derive v0.1.6
       Fresh yoke-derive v0.8.1
       Fresh serde v1.0.228
       Fresh ring v0.17.14
       Fresh thiserror v2.0.18
       Fresh tracing v0.1.44
       Fresh libsqlite3-sys v0.30.1
       Fresh tokio v1.50.0
       Fresh sha2 v0.10.9
       Fresh openssl-sys v0.9.112
       Fresh libz-sys v1.1.25
       Fresh mockall v0.13.1
       Fresh tempfile v3.27.0
       Fresh zerofrom v0.1.6
       Fresh rustls-webpki v0.103.9
       Fresh serde_urlencoded v0.7.1
       Fresh either v1.15.0
       Fresh tokio-stream v0.1.18
       Fresh chrono v0.4.44
       Fresh libssh2-sys v0.3.1
       Fresh yoke v0.8.1
       Fresh rustls v0.23.37
       Fresh libgit2-sys v0.18.3+1.9.2
       Fresh itertools v0.14.0
       Fresh tokio-test v0.4.5
       Fresh zerovec v0.11.5
       Fresh zerotrie v0.2.3
       Fresh tinystr v0.8.2
       Fresh potential_utf v0.1.4
       Fresh icu_locale_core v2.1.1
       Fresh icu_collections v2.1.1
       Fresh icu_provider v2.1.1
       Fresh icu_normalizer v2.1.1
       Fresh icu_properties v2.1.2
       Fresh idna_adapter v1.2.1
       Fresh idna v1.1.0
       Fresh url v2.5.8
       Fresh sqlx-core v0.8.6
       Fresh git2 v0.20.4
       Fresh sqlx-sqlite v0.8.6
       Fresh sqlx-macros-core v0.8.6
       Fresh sqlx-macros v0.8.6
       Fresh sqlx v0.8.6
       Dirty worktree v0.1.0 (/tmp/cargo-mutants-hardline-JVWQ5t.tmp/crates/worktree): the file `crates/worktree/src/application/queries/list_worktrees.rs` has changed (1774372229.809969351s, 495010433ns after last build at 1774372229.314958918s)
   Compiling worktree v0.1.0 (/tmp/cargo-mutants-hardline-JVWQ5t.tmp/crates/worktree)
     Running `sccache /home/lewis/.rustup/toolchains/stable-x86_64-unknown-linux-gnu/bin/rustc --crate-name worktree --edition=2021 crates/worktree/src/lib.rs --error-format=json --json=diagnostic-rendered-ansi,artifacts,future-incompat --emit=dep-info,link -C embed-bitcode=no -C debuginfo=2 '--allow=clippy::unwrap_used' '--allow=clippy::panic' '--allow=clippy::expect_used' --test --cfg 'feature="default"' --check-cfg 'cfg(docsrs,test)' --check-cfg 'cfg(feature, values("default", "postgres", "sqlite"))' -C metadata=b00a49a8df68cb59 -C extra-filename=-7af007c5e7b0aa50 --out-dir /tmp/cargo-mutants-hardline-JVWQ5t.tmp/target/debug/deps -C incremental=/tmp/cargo-mutants-hardline-JVWQ5t.tmp/target/debug/incremental -L dependency=/tmp/cargo-mutants-hardline-JVWQ5t.tmp/target/debug/deps --extern anyhow=/tmp/cargo-mutants-hardline-JVWQ5t.tmp/target/debug/deps/libanyhow-1c897acad9a38b79.rlib --extern chrono=/tmp/cargo-mutants-hardline-JVWQ5t.tmp/target/debug/deps/libchrono-d1d05aacc6d6abcb.rlib --extern git2=/tmp/cargo-mutants-hardline-JVWQ5t.tmp/target/debug/deps/libgit2-c9a4757d18fa2397.rlib --extern itertools=/tmp/cargo-mutants-hardline-JVWQ5t.tmp/target/debug/deps/libitertools-8b2d78cb899b6bee.rlib --extern mockall=/tmp/cargo-mutants-hardline-JVWQ5t.tmp/target/debug/deps/libmockall-6069395cd1412d8b.rlib --extern serde=/tmp/cargo-mutants-hardline-JVWQ5t.tmp/target/debug/deps/libserde-3fa003e2d4fff0d6.rlib --extern serde_json=/tmp/cargo-mutants-hardline-JVWQ5t.tmp/target/debug/deps/libserde_json-6f7a067977db5df0.rlib --extern sqlx=/tmp/cargo-mutants-hardline-JVWQ5t.tmp/target/debug/deps/libsqlx-b0fdb21c6791c305.rlib --extern tap=/tmp/cargo-mutants-hardline-JVWQ5t.tmp/target/debug/deps/libtap-dab29ae1e0a8da89.rlib --extern tempfile=/tmp/cargo-mutants-hardline-JVWQ5t.tmp/target/debug/deps/libtempfile-287c14b8cee8318f.rlib --extern thiserror=/tmp/cargo-mutants-hardline-JVWQ5t.tmp/target/debug/deps/libthiserror-1dbac2a21763c2bd.rlib --extern tokio=/tmp/cargo-mutants-hardline-JVWQ5t.tmp/target/debug/deps/libtokio-f07837e26d6f08d4.rlib --extern tokio_test=/tmp/cargo-mutants-hardline-JVWQ5t.tmp/target/debug/deps/libtokio_test-a1c199ab1a5a6e49.rlib --extern uuid=/tmp/cargo-mutants-hardline-JVWQ5t.tmp/target/debug/deps/libuuid-ff1eadd08dad0fc1.rlib -L native=/tmp/cargo-mutants-hardline-JVWQ5t.tmp/target/debug/build/libssh2-sys-19f77859d671a79a/out/build -L native=/tmp/cargo-mutants-hardline-JVWQ5t.tmp/target/debug/build/ring-87c98841eb8269e4/out -L native=/tmp/cargo-mutants-hardline-JVWQ5t.tmp/target/debug/build/libsqlite3-sys-baa3ed34ab96df63/out -L native=/usr/lib`
     Running `sccache /home/lewis/.rustup/toolchains/stable-x86_64-unknown-linux-gnu/bin/rustc --crate-name worktree --edition=2021 crates/worktree/src/lib.rs --error-format=json --json=diagnostic-rendered-ansi,artifacts,future-incompat --crate-type lib --emit=dep-info,metadata,link -C embed-bitcode=no -C debuginfo=2 '--allow=clippy::unwrap_used' '--allow=clippy::panic' '--allow=clippy::expect_used' --cfg 'feature="default"' --check-cfg 'cfg(docsrs,test)' --check-cfg 'cfg(feature, values("default", "postgres", "sqlite"))' -C metadata=6ce3f46979aca9d0 -C extra-filename=-b3141cc3f67ec94a --out-dir /tmp/cargo-mutants-hardline-JVWQ5t.tmp/target/debug/deps -C incremental=/tmp/cargo-mutants-hardline-JVWQ5t.tmp/target/debug/incremental -L dependency=/tmp/cargo-mutants-hardline-JVWQ5t.tmp/target/debug/deps --extern anyhow=/tmp/cargo-mutants-hardline-JVWQ5t.tmp/target/debug/deps/libanyhow-1c897acad9a38b79.rmeta --extern chrono=/tmp/cargo-mutants-hardline-JVWQ5t.tmp/target/debug/deps/libchrono-d1d05aacc6d6abcb.rmeta --extern git2=/tmp/cargo-mutants-hardline-JVWQ5t.tmp/target/debug/deps/libgit2-c9a4757d18fa2397.rmeta --extern itertools=/tmp/cargo-mutants-hardline-JVWQ5t.tmp/target/debug/deps/libitertools-8b2d78cb899b6bee.rmeta --extern serde=/tmp/cargo-mutants-hardline-JVWQ5t.tmp/target/debug/deps/libserde-3fa003e2d4fff0d6.rmeta --extern sqlx=/tmp/cargo-mutants-hardline-JVWQ5t.tmp/target/debug/deps/libsqlx-b0fdb21c6791c305.rmeta --extern tap=/tmp/cargo-mutants-hardline-JVWQ5t.tmp/target/debug/deps/libtap-dab29ae1e0a8da89.rmeta --extern thiserror=/tmp/cargo-mutants-hardline-JVWQ5t.tmp/target/debug/deps/libthiserror-1dbac2a21763c2bd.rmeta --extern tokio=/tmp/cargo-mutants-hardline-JVWQ5t.tmp/target/debug/deps/libtokio-f07837e26d6f08d4.rmeta --extern uuid=/tmp/cargo-mutants-hardline-JVWQ5t.tmp/target/debug/deps/libuuid-ff1eadd08dad0fc1.rmeta -L native=/tmp/cargo-mutants-hardline-JVWQ5t.tmp/target/debug/build/libssh2-sys-19f77859d671a79a/out/build -L native=/tmp/cargo-mutants-hardline-JVWQ5t.tmp/target/debug/build/ring-87c98841eb8269e4/out -L native=/tmp/cargo-mutants-hardline-JVWQ5t.tmp/target/debug/build/libsqlite3-sys-baa3ed34ab96df63/out -L native=/usr/lib`
error[E0277]: the trait bound `AbsolutePath: std::default::Default` is not satisfied
  --> crates/worktree/src/domain/entities/worktree.rs:29:12
   |
29 |         Ok(Default::default()) /* ~ changed by cargo-mutants ~ */
   |            ^^^^^^^^^^^^^^^^^^ the trait `std::default::Default` is not implemented for `AbsolutePath`
   |
help: consider annotating `AbsolutePath` with `#[derive(Default)]`
   |
21 + #[derive(Default)]
22 | pub struct AbsolutePath(String);
   |

For more information about this error, try `rustc --explain E0277`.
error[E0277]: the trait bound `worktree::AbsolutePath: std::default::Default` is not satisfied
  --> crates/worktree/src/domain/entities/worktree.rs:29:12
   |
29 |         Ok(Default::default()) /* ~ changed by cargo-mutants ~ */
   |            ^^^^^^^^^^^^^^^^^^ the trait `std::default::Default` is not implemented for `worktree::AbsolutePath`
   |
help: consider annotating `worktree::AbsolutePath` with `#[derive(Default)]`
   |
21 + #[derive(Default)]
22 | pub struct AbsolutePath(String);
   |

error: could not compile `worktree` (lib) due to 1 previous error

Caused by:
  process didn't exit successfully: `sccache /home/lewis/.rustup/toolchains/stable-x86_64-unknown-linux-gnu/bin/rustc --crate-name worktree --edition=2021 crates/worktree/src/lib.rs --error-format=json --json=diagnostic-rendered-ansi,artifacts,future-incompat --crate-type lib --emit=dep-info,metadata,link -C embed-bitcode=no -C debuginfo=2 '--allow=clippy::unwrap_used' '--allow=clippy::panic' '--allow=clippy::expect_used' --cfg 'feature="default"' --check-cfg 'cfg(docsrs,test)' --check-cfg 'cfg(feature, values("default", "postgres", "sqlite"))' -C metadata=6ce3f46979aca9d0 -C extra-filename=-b3141cc3f67ec94a --out-dir /tmp/cargo-mutants-hardline-JVWQ5t.tmp/target/debug/deps -C incremental=/tmp/cargo-mutants-hardline-JVWQ5t.tmp/target/debug/incremental -L dependency=/tmp/cargo-mutants-hardline-JVWQ5t.tmp/target/debug/deps --extern anyhow=/tmp/cargo-mutants-hardline-JVWQ5t.tmp/target/debug/deps/libanyhow-1c897acad9a38b79.rmeta --extern chrono=/tmp/cargo-mutants-hardline-JVWQ5t.tmp/target/debug/deps/libchrono-d1d05aacc6d6abcb.rmeta --extern git2=/tmp/cargo-mutants-hardline-JVWQ5t.tmp/target/debug/deps/libgit2-c9a4757d18fa2397.rmeta --extern itertools=/tmp/cargo-mutants-hardline-JVWQ5t.tmp/target/debug/deps/libitertools-8b2d78cb899b6bee.rmeta --extern serde=/tmp/cargo-mutants-hardline-JVWQ5t.tmp/target/debug/deps/libserde-3fa003e2d4fff0d6.rmeta --extern sqlx=/tmp/cargo-mutants-hardline-JVWQ5t.tmp/target/debug/deps/libsqlx-b0fdb21c6791c305.rmeta --extern tap=/tmp/cargo-mutants-hardline-JVWQ5t.tmp/target/debug/deps/libtap-dab29ae1e0a8da89.rmeta --extern thiserror=/tmp/cargo-mutants-hardline-JVWQ5t.tmp/target/debug/deps/libthiserror-1dbac2a21763c2bd.rmeta --extern tokio=/tmp/cargo-mutants-hardline-JVWQ5t.tmp/target/debug/deps/libtokio-f07837e26d6f08d4.rmeta --extern uuid=/tmp/cargo-mutants-hardline-JVWQ5t.tmp/target/debug/deps/libuuid-ff1eadd08dad0fc1.rmeta -L native=/tmp/cargo-mutants-hardline-JVWQ5t.tmp/target/debug/build/libssh2-sys-19f77859d671a79a/out/build -L native=/tmp/cargo-mutants-hardline-JVWQ5t.tmp/target/debug/build/ring-87c98841eb8269e4/out -L native=/tmp/cargo-mutants-hardline-JVWQ5t.tmp/target/debug/build/libsqlite3-sys-baa3ed34ab96df63/out -L native=/usr/lib` (exit status: 1)
warning: build failed, waiting for other jobs to finish...
warning: unused variable: `id1`
   --> crates/worktree/src/application/commands/create_worktree.rs:178:13
    |
178 |         let id1 = command1.execute().unwrap();
    |             ^^^ help: if this is intentional, prefix it with an underscore: `_id1`
    |
    = note: `#[warn(unused_variables)]` (part of `#[warn(unused)]`) on by default

warning: variable does not need to be mutable
  --> crates/worktree/src/application/queries/get_worktree.rs:94:13
   |
94 |         let mut repo = InMemoryWorktreeRepository::new();
   |             ----^^^^
   |             |
   |             help: remove this `mut`
   |
   = note: `#[warn(unused_mut)]` (part of `#[warn(unused)]`) on by default

warning: variable does not need to be mutable
   --> crates/worktree/src/application/queries/list_worktrees.rs:183:13
    |
183 |         let mut repo = InMemoryWorktreeRepository::new();
    |             ----^^^^
    |             |
    |             help: remove this `mut`

warning: variable does not need to be mutable
   --> crates/worktree/src/application/queries/list_worktrees.rs:212:13
    |
212 |         let mut repo = InMemoryWorktreeRepository::new();
    |             ----^^^^
    |             |
    |             help: remove this `mut`

warning: variable does not need to be mutable
   --> crates/worktree/src/application/queries/list_worktrees.rs:243:13
    |
243 |         let mut repo = InMemoryWorktreeRepository::new();
    |             ----^^^^
    |             |
    |             help: remove this `mut`

warning: variable does not need to be mutable
   --> crates/worktree/src/application/queries/list_worktrees.rs:271:13
    |
271 |         let mut repo = InMemoryWorktreeRepository::new();
    |             ----^^^^
    |             |
    |             help: remove this `mut`

warning: variable does not need to be mutable
   --> crates/worktree/src/application/queries/list_worktrees.rs:301:13
    |
301 |         let mut repo = InMemoryWorktreeRepository::new();
    |             ----^^^^
    |             |
    |             help: remove this `mut`

warning: variable does not need to be mutable
   --> crates/worktree/src/application/queries/list_worktrees.rs:321:13
    |
321 |         let mut repo = InMemoryWorktreeRepository::new();
    |             ----^^^^
    |             |
    |             help: remove this `mut`

warning: variable does not need to be mutable
   --> crates/worktree/src/application/queries/list_worktrees.rs:345:13
    |
345 |         let mut repo = InMemoryWorktreeRepository::new();
    |             ----^^^^
    |             |
    |             help: remove this `mut`

warning: variable does not need to be mutable
   --> crates/worktree/src/application/queries/list_worktrees.rs:378:13
    |
378 |         let mut repo = InMemoryWorktreeRepository::new();
    |             ----^^^^
    |             |
    |             help: remove this `mut`

warning: `worktree` (lib test) generated 10 warnings
error: could not compile `worktree` (lib test) due to 1 previous error; 10 warnings emitted

Caused by:
  process didn't exit successfully: `sccache /home/lewis/.rustup/toolchains/stable-x86_64-unknown-linux-gnu/bin/rustc --crate-name worktree --edition=2021 crates/worktree/src/lib.rs --error-format=json --json=diagnostic-rendered-ansi,artifacts,future-incompat --emit=dep-info,link -C embed-bitcode=no -C debuginfo=2 '--allow=clippy::unwrap_used' '--allow=clippy::panic' '--allow=clippy::expect_used' --test --cfg 'feature="default"' --check-cfg 'cfg(docsrs,test)' --check-cfg 'cfg(feature, values("default", "postgres", "sqlite"))' -C metadata=b00a49a8df68cb59 -C extra-filename=-7af007c5e7b0aa50 --out-dir /tmp/cargo-mutants-hardline-JVWQ5t.tmp/target/debug/deps -C incremental=/tmp/cargo-mutants-hardline-JVWQ5t.tmp/target/debug/incremental -L dependency=/tmp/cargo-mutants-hardline-JVWQ5t.tmp/target/debug/deps --extern anyhow=/tmp/cargo-mutants-hardline-JVWQ5t.tmp/target/debug/deps/libanyhow-1c897acad9a38b79.rlib --extern chrono=/tmp/cargo-mutants-hardline-JVWQ5t.tmp/target/debug/deps/libchrono-d1d05aacc6d6abcb.rlib --extern git2=/tmp/cargo-mutants-hardline-JVWQ5t.tmp/target/debug/deps/libgit2-c9a4757d18fa2397.rlib --extern itertools=/tmp/cargo-mutants-hardline-JVWQ5t.tmp/target/debug/deps/libitertools-8b2d78cb899b6bee.rlib --extern mockall=/tmp/cargo-mutants-hardline-JVWQ5t.tmp/target/debug/deps/libmockall-6069395cd1412d8b.rlib --extern serde=/tmp/cargo-mutants-hardline-JVWQ5t.tmp/target/debug/deps/libserde-3fa003e2d4fff0d6.rlib --extern serde_json=/tmp/cargo-mutants-hardline-JVWQ5t.tmp/target/debug/deps/libserde_json-6f7a067977db5df0.rlib --extern sqlx=/tmp/cargo-mutants-hardline-JVWQ5t.tmp/target/debug/deps/libsqlx-b0fdb21c6791c305.rlib --extern tap=/tmp/cargo-mutants-hardline-JVWQ5t.tmp/target/debug/deps/libtap-dab29ae1e0a8da89.rlib --extern tempfile=/tmp/cargo-mutants-hardline-JVWQ5t.tmp/target/debug/deps/libtempfile-287c14b8cee8318f.rlib --extern thiserror=/tmp/cargo-mutants-hardline-JVWQ5t.tmp/target/debug/deps/libthiserror-1dbac2a21763c2bd.rlib --extern tokio=/tmp/cargo-mutants-hardline-JVWQ5t.tmp/target/debug/deps/libtokio-f07837e26d6f08d4.rlib --extern tokio_test=/tmp/cargo-mutants-hardline-JVWQ5t.tmp/target/debug/deps/libtokio_test-a1c199ab1a5a6e49.rlib --extern uuid=/tmp/cargo-mutants-hardline-JVWQ5t.tmp/target/debug/deps/libuuid-ff1eadd08dad0fc1.rlib -L native=/tmp/cargo-mutants-hardline-JVWQ5t.tmp/target/debug/build/libssh2-sys-19f77859d671a79a/out/build -L native=/tmp/cargo-mutants-hardline-JVWQ5t.tmp/target/debug/build/ring-87c98841eb8269e4/out -L native=/tmp/cargo-mutants-hardline-JVWQ5t.tmp/target/debug/build/libsqlite3-sys-baa3ed34ab96df63/out -L native=/usr/lib` (exit status: 1)

*** result: Failure(101)
