2026-04-05 13:21:30 [handoff] hardline/witness handed off (Witness patrol: cycle 74)
2026-04-05 14:40:50 [nudge] hardline/refinery nudged with "Witness: Topaz merged. Queue scan — multiple ..."
2026-04-05 14:54:48 [handoff] hardline/refinery handed off (Refinery patrol idle)
2026-04-05 14:56:52 [nudge] hardline/witness nudged with "Refinery patrol complete. Queue empty. All 17 s..."
2026-04-05 19:26:05 [nudge] hardline/amber nudged with "IMPORTANT: Run the full /go-skill pipeline for ..."
2026-04-05 19:26:31 [done] hardline/polecats/jade completed ha-eb0
2026-04-05 19:27:17 [nudge] hardline/amber nudged with "Run the full /go-skill pipeline for this bead. ..."
2026-04-05 19:27:21 [nudge] hardline/garnet nudged with "IMPORTANT: Run the full /go-skill pipeline for ..."
2026-04-05 19:27:57 [done] hardline/polecats/ruby completed ha-bo9
2026-04-05 19:27:59 [done] hardline/polecats/topaz completed ha-9qb
2026-04-05 19:28:36 [nudge] hardline/jasper nudged with "IMPORTANT: Run the full /go-skill pipeline for ..."
2026-04-05 19:31:22 [nudge] hardline/amber nudged with "CRITICAL: You must run the full /go-skill pipel..."
2026-04-05 19:31:45 [done] hardline/polecats/garnet completed ha-ao6
2026-04-05 19:31:47 [nudge] hardline/garnet nudged with "CRITICAL: Run the full /go-skill pipeline for y..."
2026-04-05 19:31:55 [done] hardline/polecats/jasper completed ha-72j
2026-04-05 19:32:08 [nudge] hardline/jasper nudged with "CRITICAL: Run the full /go-skill pipeline for y..."
2026-04-05 19:32:12 [done] hardline/polecats/amber completed ha-dl99
2026-04-05 19:38:38 [nudge] hardline/witness nudged with "Patrol cycle done. Merged 4: ruby, topaz, jaspe..."
2026-04-05 19:47:13 [done] hardline/polecats/onyx completed ha-d9vg
2026-04-05 19:50:08 [done] hardline/polecats/obsidian completed ha-o9co
2026-04-05 19:50:45 [nudge] hardline/jasper nudged with "Close ha-hpbx when tests pass, then pick up nex..."
2026-04-05 19:52:08 [nudge] hardline/quartz nudged with "Close ha-t1td when tests pass, then pick up nex..."
2026-04-05 19:54:26 [nudge] hardline/obsidian nudged with "Start working on your hooked bead ha-j7gq immed..."
2026-04-05 19:55:41 [nudge] hardline/onyx nudged with "Start working on your hooked bead ha-alvc immed..."
2026-04-05 19:58:53 [nudge] hardline/quartz nudged with "Start working on your hooked bead ha-n9k4 immed..."
